This file contains any messages produced by compilers while
running configure, to aid debugging if configure makes a mistake.

It was created by YoctoHelloWorldApp configure 1.0, which was
generated by GNU Autoconf 2.69.  Invocation command line was

  $ ./configure 

## --------- ##
## Platform. ##
## --------- ##

hostname = KernelMasters
uname -m = x86_64
uname -r = 5.4.0-150-generic
uname -s = Linux
uname -v = #167~18.04.1-Ubuntu SMP Wed May 24 00:51:42 UTC 2023

/usr/bin/uname -p = unknown
/bin/uname -X     = unknown

/bin/arch              = unknown
/usr/bin/arch -k       = unknown
/usr/convex/getsysinfo = unknown
/usr/bin/hostinfo      = unknown
/bin/machine           = unknown
/usr/bin/oslevel       = unknown
/bin/universe          = unknown

PATH: /home/km/opt/gcc-arm-8.3-2019.03-x86_64-arm-linux-gnueabihf/bin
PATH: /usr/local/sbin
PATH: /usr/local/bin
PATH: /usr/sbin
PATH: /usr/bin
PATH: /sbin
PATH: /bin
PATH: /usr/games
PATH: /usr/local/games
PATH: /snap/bin


## ----------- ##
## Core tests. ##
## ----------- ##

configure:2183: checking for a BSD-compatible install
configure:2251: result: /usr/bin/install -c
configure:2262: checking whether build environment is sane
configure:2317: result: yes
configure:2468: checking for a thread-safe mkdir -p
configure:2507: result: /bin/mkdir -p
configure:2514: checking for gawk
configure:2530: found /usr/bin/gawk
configure:2541: result: gawk
configure:2552: checking whether make sets $(MAKE)
configure:2574: result: yes
configure:2603: checking whether make supports nested variables
configure:2620: result: yes
configure:2797: checking for gcc
configure:2813: found /usr/bin/gcc
configure:2824: result: gcc
configure:3053: checking for C compiler version
configure:3062: gcc --version >&5
gcc (Ubuntu 7.5.0-3ubuntu1~18.04) 7.5.0
Copyright (C) 2017 Free Software Foundation, Inc.
This is free software; see the source for copying conditions.  There is NO
warranty; not even for MERCHANTABILITY or FITNESS FOR A PARTICULAR PURPOSE.

configure:3073: $? = 0
configure:3062: gcc -v >&5
Using built-in specs.
COLLECT_GCC=gcc
COLLECT_LTO_WRAPPER=/usr/lib/gcc/x86_64-linux-gnu/7/lto-wrapper
OFFLOAD_TARGET_NAMES=nvptx-none
OFFLOAD_TARGET_DEFAULT=1
Target: x86_64-linux-gnu
Configured with: ../src/configure -v --with-pkgversion='Ubuntu 7.5.0-3ubuntu1~18.04' --with-bugurl=file:///usr/share/doc/gcc-7/README.Bugs --enable-languages=c,ada,c++,go,brig,d,fortran,objc,obj-c++ --prefix=/usr --with-gcc-major-version-only --program-suffix=-7 --program-prefix=x86_64-linux-gnu- --enable-shared --enable-linker-build-id --libexecdir=/usr/lib --without-included-gettext --enable-threads=posix --libdir=/usr/lib --enable-nls --enable-bootstrap --enable-clocale=gnu --enable-libstdcxx-debug --enable-libstdcxx-time=yes --with-default-libstdcxx-abi=new --enable-gnu-unique-object --disable-vtable-verify --enable-libmpx --enable-plugin --enable-default-pie --with-system-zlib --with-target-system-zlib --enable-objc-gc=auto --enable-multiarch --disable-werror --with-arch-32=i686 --with-abi=m64 --with-multilib-list=m32,m64,mx32 --enable-multilib --with-tune=generic --enable-offload-targets=nvptx-none --without-cuda-driver --enable-checking=release --build=x86_64-linux-gnu --host=x86_64-linux-gnu --target=x86_64-linux-gnu
Thread model: posix
gcc version 7.5.0 (Ubuntu 7.5.0-3ubuntu1~18.04) 
configure:3073: $? = 0
configure:3062: gcc -V >&5
gcc: error: unrecognized command line option '-V'
gcc: fatal error: no input files
compilation terminated.
configure:3073: $? = 1
configure:3062: gcc -qversion >&5
gcc: error: unrecognized command line option '-qversion'; did you mean '--version'?
gcc: fatal error: no input files
compilation terminated.
configure:3073: $? = 1
configure:3093: checking whether the C compiler works
configure:3115: gcc    conftest.c  >&5
configure:3119: $? = 0
configure:3167: result: yes
configure:3170: checking for C compiler default output file name
configure:3172: result: a.out
configure:3178: checking for suffix of executables
configure:3185: gcc -o conftest    conftest.c  >&5
configure:3189: $? = 0
configure:3211: result: 
configure:3233: checking whether we are cross compiling
configure:3241: gcc -o conftest    conftest.c  >&5
configure:3245: $? = 0
configure:3252: ./conftest
configure:3256: $? = 0
configure:3271: result: no
configure:3276: checking for suffix of object files
configure:3298: gcc -c   conftest.c >&5
configure:3302: $? = 0
configure:3323: result: o
configure:3327: checking whether we are using the GNU C compiler
configure:3346: gcc -c   conftest.c >&5
configure:3346: $? = 0
configure:3355: result: yes
configure:3364: checking whether gcc accepts -g
configure:3384: gcc -c -g  conftest.c >&5
configure:3384: $? = 0
configure:3425: result: yes
configure:3442: checking for gcc option to accept ISO C89
configure:3505: gcc  -c -g -O2  conftest.c >&5
configure:3505: $? = 0
configure:3518: result: none needed
configure:3543: checking whether gcc understands -c and -o together
configure:3565: gcc -c conftest.c -o conftest2.o
configure:3568: $? = 0
configure:3565: gcc -c conftest.c -o conftest2.o
configure:3568: $? = 0
configure:3580: result: yes
configure:3608: checking for style of include used by make
configure:3636: result: GNU
configure:3662: checking dependency style of gcc
configure:3773: result: gcc3
configure:3789: checking whether make sets $(MAKE)
configure:3811: result: yes
configure:3851: checking build system type
configure:3865: result: x86_64-pc-linux-gnu
configure:3885: checking host system type
configure:3898: result: x86_64-pc-linux-gnu
configure:3939: checking how to print strings
configure:3966: result: printf
configure:3987: checking for a sed that does not truncate output
configure:4051: result: /bin/sed
configure:4069: checking for grep that handles long lines and -e
configure:4127: result: /bin/grep
configure:4132: checking for egrep
configure:4194: result: /bin/grep -E
configure:4199: checking for fgrep
configure:4261: result: /bin/grep -F
configure:4296: checking for ld used by gcc
configure:4363: result: /usr/bin/ld
configure:4370: checking if the linker (/usr/bin/ld) is GNU ld
configure:4385: result: yes
configure:4397: checking for BSD- or MS-compatible name lister (nm)
configure:4451: result: /usr/bin/nm -B
configure:4581: checking the name lister (/usr/bin/nm -B) interface
configure:4588: gcc -c -g -O2  conftest.c >&5
configure:4591: /usr/bin/nm -B "conftest.o"
configure:4594: output
0000000000000000 B some_variable
configure:4601: result: BSD nm
configure:4604: checking whether ln -s works
configure:4608: result: yes
configure:4616: checking the maximum length of command line arguments
configure:4747: result: 1572864
configure:4795: checking how to convert x86_64-pc-linux-gnu file names to x86_64-pc-linux-gnu format
configure:4835: result: func_convert_file_noop
configure:4842: checking how to convert x86_64-pc-linux-gnu file names to toolchain format
configure:4862: result: func_convert_file_noop
configure:4869: checking for /usr/bin/ld option to reload object files
configure:4876: result: -r
configure:4950: checking for objdump
configure:4966: found /usr/bin/objdump
configure:4977: result: objdump
configure:5009: checking how to recognize dependent libraries
configure:5209: result: pass_all
configure:5294: checking for dlltool
configure:5324: result: no
configure:5354: checking how to associate runtime and link libraries
configure:5381: result: printf %s\n
configure:5442: checking for ar
configure:5458: found /usr/bin/ar
configure:5469: result: ar
configure:5506: checking for archiver @FILE support
configure:5523: gcc -c -g -O2  conftest.c >&5
configure:5523: $? = 0
configure:5526: ar cru libconftest.a @conftest.lst >&5
ar: `u' modifier ignored since `D' is the default (see `U')
configure:5529: $? = 0
configure:5534: ar cru libconftest.a @conftest.lst >&5
ar: `u' modifier ignored since `D' is the default (see `U')
ar: conftest.o: No such file or directory
configure:5537: $? = 1
configure:5549: result: @
configure:5607: checking for strip
configure:5623: found /usr/bin/strip
configure:5634: result: strip
configure:5706: checking for ranlib
configure:5722: found /usr/bin/ranlib
configure:5733: result: ranlib
configure:5835: checking command to parse /usr/bin/nm -B output from gcc object
configure:5988: gcc -c -g -O2  conftest.c >&5
configure:5991: $? = 0
configure:5995: /usr/bin/nm -B conftest.o \| sed -n -e 's/^.*[ ]\([ABCDGIRSTW][ABCDGIRSTW]*\)[ ][ ]*\([_A-Za-z][_A-Za-z0-9]*\)$/\1 \2 \2/p' | sed '/ __gnu_lto/d' \> conftest.nm
configure:5998: $? = 0
configure:6064: gcc -o conftest -g -O2   conftest.c conftstm.o >&5
configure:6067: $? = 0
configure:6105: result: ok
configure:6152: checking for sysroot
configure:6182: result: no
configure:6189: checking for a working dd
configure:6227: result: /bin/dd
configure:6231: checking how to truncate binary pipes
configure:6246: result: /bin/dd bs=4096 count=1
configure:6382: gcc -c -g -O2  conftest.c >&5
configure:6385: $? = 0
configure:6575: checking for mt
configure:6591: found /bin/mt
configure:6602: result: mt
configure:6625: checking if mt is a manifest tool
configure:6631: mt '-?'
configure:6639: result: no
configure:7316: checking how to run the C preprocessor
configure:7347: gcc -E  conftest.c
configure:7347: $? = 0
configure:7361: gcc -E  conftest.c
conftest.c:11:10: fatal error: ac_nonexistent.h: No such file or directory
 #include <ac_nonexistent.h>
          ^~~~~~~~~~~~~~~~~~
compilation terminated.
configure:7361: $? = 1
configure: failed program was:
| /* confdefs.h */
| #define PACKAGE_NAME "YoctoHelloWorldApp"
| #define PACKAGE_TARNAME "yoctohelloworldapp"
| #define PACKAGE_VERSION "1.0"
| #define PACKAGE_STRING "YoctoHelloWorldApp 1.0"
| #define PACKAGE_BUGREPORT "gbmhunter@gmail.com"
| #define PACKAGE_URL ""
| #define PACKAGE "YoctoHelloWorldApp"
| #define VERSION "main"
| /* end confdefs.h.  */
| #include <ac_nonexistent.h>
configure:7386: result: gcc -E
configure:7406: gcc -E  conftest.c
configure:7406: $? = 0
configure:7420: gcc -E  conftest.c
conftest.c:11:10: fatal error: ac_nonexistent.h: No such file or directory
 #include <ac_nonexistent.h>
          ^~~~~~~~~~~~~~~~~~
compilation terminated.
configure:7420: $? = 1
configure: failed program was:
| /* confdefs.h */
| #define PACKAGE_NAME "YoctoHelloWorldApp"
| #define PACKAGE_TARNAME "yoctohelloworldapp"
| #define PACKAGE_VERSION "1.0"
| #define PACKAGE_STRING "YoctoHelloWorldApp 1.0"
| #define PACKAGE_BUGREPORT "gbmhunter@gmail.com"
| #define PACKAGE_URL ""
| #define PACKAGE "YoctoHelloWorldApp"
| #define VERSION "main"
| /* end confdefs.h.  */
| #include <ac_nonexistent.h>
configure:7449: checking for ANSI C header files
configure:7469: gcc -c -g -O2  conftest.c >&5
configure:7469: $? = 0
configure:7542: gcc -o conftest -g -O2   conftest.c  >&5
configure:7542: $? = 0
configure:7542: ./conftest
configure:7542: $? = 0
configure:7553: result: yes
configure:7566: checking for sys/types.h
configure:7566: gcc -c -g -O2  conftest.c >&5
configure:7566: $? = 0
configure:7566: result: yes
configure:7566: checking for sys/stat.h
configure:7566: gcc -c -g -O2  conftest.c >&5
configure:7566: $? = 0
configure:7566: result: yes
configure:7566: checking for stdlib.h
configure:7566: gcc -c -g -O2  conftest.c >&5
configure:7566: $? = 0
configure:7566: result: yes
configure:7566: checking for string.h
configure:7566: gcc -c -g -O2  conftest.c >&5
configure:7566: $? = 0
configure:7566: result: yes
configure:7566: checking for memory.h
configure:7566: gcc -c -g -O2  conftest.c >&5
configure:7566: $? = 0
configure:7566: result: yes
configure:7566: checking for strings.h
configure:7566: gcc -c -g -O2  conftest.c >&5
configure:7566: $? = 0
configure:7566: result: yes
configure:7566: checking for inttypes.h
configure:7566: gcc -c -g -O2  conftest.c >&5
configure:7566: $? = 0
configure:7566: result: yes
configure:7566: checking for stdint.h
configure:7566: gcc -c -g -O2  conftest.c >&5
configure:7566: $? = 0
configure:7566: result: yes
configure:7566: checking for unistd.h
configure:7566: gcc -c -g -O2  conftest.c >&5
configure:7566: $? = 0
configure:7566: result: yes
configure:7580: checking for dlfcn.h
configure:7580: gcc -c -g -O2  conftest.c >&5
configure:7580: $? = 0
configure:7580: result: yes
configure:7836: checking for objdir
configure:7851: result: .libs
configure:8111: checking if gcc supports -fno-rtti -fno-exceptions
configure:8129: gcc -c -g -O2  -fno-rtti -fno-exceptions conftest.c >&5
cc1: warning: command line option '-fno-rtti' is valid for C++/ObjC++ but not for C
configure:8133: $? = 0
configure:8146: result: no
configure:8504: checking for gcc option to produce PIC
configure:8511: result: -fPIC -DPIC
configure:8519: checking if gcc PIC flag -fPIC -DPIC works
configure:8537: gcc -c -g -O2  -fPIC -DPIC -DPIC conftest.c >&5
configure:8541: $? = 0
configure:8554: result: yes
configure:8583: checking if gcc static flag -static works
configure:8611: result: yes
configure:8626: checking if gcc supports -c -o file.o
configure:8647: gcc -c -g -O2  -o out/conftest2.o conftest.c >&5
configure:8651: $? = 0
configure:8673: result: yes
configure:8681: checking if gcc supports -c -o file.o
configure:8728: result: yes
configure:8761: checking whether the gcc linker (/usr/bin/ld -m elf_x86_64) supports shared libraries
configure:10024: result: yes
configure:10061: checking whether -lc should be explicitly linked in
configure:10069: gcc -c -g -O2  conftest.c >&5
configure:10072: $? = 0
configure:10087: gcc -shared  -fPIC -DPIC conftest.o  -v -Wl,-soname -Wl,conftest -o conftest 2\>\&1 \| /bin/grep  -lc  \>/dev/null 2\>\&1
configure:10090: $? = 0
configure:10104: result: no
configure:10264: checking dynamic linker characteristics
configure:10845: gcc -o conftest -g -O2   -Wl,-rpath -Wl,/foo conftest.c  >&5
configure:10845: $? = 0
configure:11094: result: GNU/Linux ld.so
configure:11216: checking how to hardcode library paths into programs
configure:11241: result: immediate
configure:11789: checking whether stripping libraries is possible
configure:11794: result: yes
configure:11829: checking if libtool supports shared libraries
configure:11831: result: yes
configure:11834: checking whether to build shared libraries
configure:11859: result: yes
configure:11862: checking whether to build static libraries
configure:11866: result: yes
configure:12080: checking that generated files are newer than configure
configure:12086: result: done
configure:12109: creating ./config.status

## ---------------------- ##
## Running config.status. ##
## ---------------------- ##

This file was extended by YoctoHelloWorldApp config.status 1.0, which was
generated by GNU Autoconf 2.69.  Invocation command line was

  CONFIG_FILES    = 
  CONFIG_HEADERS  = 
  CONFIG_LINKS    = 
  CONFIG_COMMANDS = 
  $ ./config.status 

on KernelMasters

config.status:1084: creating Makefile
config.status:1084: creating config.h
config.status:1313: executing depfiles commands
config.status:1313: executing libtool commands

## ---------------- ##
## Cache variables. ##
## ---------------- ##

ac_cv_build=x86_64-pc-linux-gnu
ac_cv_c_compiler_gnu=yes
ac_cv_env_CC_set=
ac_cv_env_CC_value=
ac_cv_env_CFLAGS_set=
ac_cv_env_CFLAGS_value=
ac_cv_env_CPPFLAGS_set=
ac_cv_env_CPPFLAGS_value=
ac_cv_env_CPP_set=
ac_cv_env_CPP_value=
ac_cv_env_LDFLAGS_set=
ac_cv_env_LDFLAGS_value=
ac_cv_env_LIBS_set=
ac_cv_env_LIBS_value=
ac_cv_env_LT_SYS_LIBRARY_PATH_set=
ac_cv_env_LT_SYS_LIBRARY_PATH_value=
ac_cv_env_build_alias_set=
ac_cv_env_build_alias_value=
ac_cv_env_host_alias_set=
ac_cv_env_host_alias_value=
ac_cv_env_target_alias_set=
ac_cv_env_target_alias_value=
ac_cv_header_dlfcn_h=yes
ac_cv_header_inttypes_h=yes
ac_cv_header_memory_h=yes
ac_cv_header_stdc=yes
ac_cv_header_stdint_h=yes
ac_cv_header_stdlib_h=yes
ac_cv_header_string_h=yes
ac_cv_header_strings_h=yes
ac_cv_header_sys_stat_h=yes
ac_cv_header_sys_types_h=yes
ac_cv_header_unistd_h=yes
ac_cv_host=x86_64-pc-linux-gnu
ac_cv_objext=o
ac_cv_path_EGREP='/bin/grep -E'
ac_cv_path_FGREP='/bin/grep -F'
ac_cv_path_GREP=/bin/grep
ac_cv_path_SED=/bin/sed
ac_cv_path_install='/usr/bin/install -c'
ac_cv_path_lt_DD=/bin/dd
ac_cv_path_mkdir=/bin/mkdir
ac_cv_prog_AWK=gawk
ac_cv_prog_CPP='gcc -E'
ac_cv_prog_ac_ct_AR=ar
ac_cv_prog_ac_ct_CC=gcc
ac_cv_prog_ac_ct_MANIFEST_TOOL=mt
ac_cv_prog_ac_ct_OBJDUMP=objdump
ac_cv_prog_ac_ct_RANLIB=ranlib
ac_cv_prog_ac_ct_STRIP=strip
ac_cv_prog_cc_c89=
ac_cv_prog_cc_g=yes
ac_cv_prog_make_make_set=yes
am_cv_CC_dependencies_compiler_type=gcc3
am_cv_make_support_nested_variables=yes
am_cv_prog_cc_c_o=yes
lt_cv_ar_at_file=@
lt_cv_archive_cmds_need_lc=no
lt_cv_deplibs_check_method=pass_all
lt_cv_file_magic_cmd='$MAGIC_CMD'
lt_cv_file_magic_test_file=
lt_cv_ld_reload_flag=-r
lt_cv_nm_interface='BSD nm'
lt_cv_objdir=.libs
lt_cv_path_LD=/usr/bin/ld
lt_cv_path_NM='/usr/bin/nm -B'
lt_cv_path_mainfest_tool=no
lt_cv_prog_compiler_c_o=yes
lt_cv_prog_compiler_pic='-fPIC -DPIC'
lt_cv_prog_compiler_pic_works=yes
lt_cv_prog_compiler_rtti_exceptions=no
lt_cv_prog_compiler_static_works=yes
lt_cv_prog_gnu_ld=yes
lt_cv_sharedlib_from_linklib_cmd='printf %s\n'
lt_cv_shlibpath_overrides_runpath=yes
lt_cv_sys_global_symbol_pipe='sed -n -e '\''s/^.*[	 ]\([ABCDGIRSTW][ABCDGIRSTW]*\)[	 ][	 ]*\([_A-Za-z][_A-Za-z0-9]*\)$/\1 \2 \2/p'\'' | sed '\''/ __gnu_lto/d'\'''
lt_cv_sys_global_symbol_to_c_name_address='sed -n -e '\''s/^: \(.*\) .*$/  {"\1", (void *) 0},/p'\'' -e '\''s/^[ABCDGIRSTW][ABCDGIRSTW]* .* \(.*\)$/  {"\1", (void *) \&\1},/p'\'''
lt_cv_sys_global_symbol_to_c_name_address_lib_prefix='sed -n -e '\''s/^: \(.*\) .*$/  {"\1", (void *) 0},/p'\'' -e '\''s/^[ABCDGIRSTW][ABCDGIRSTW]* .* \(lib.*\)$/  {"\1", (void *) \&\1},/p'\'' -e '\''s/^[ABCDGIRSTW][ABCDGIRSTW]* .* \(.*\)$/  {"lib\1", (void *) \&\1},/p'\'''
lt_cv_sys_global_symbol_to_cdecl='sed -n -e '\''s/^T .* \(.*\)$/extern int \1();/p'\'' -e '\''s/^[ABCDGIRSTW][ABCDGIRSTW]* .* \(.*\)$/extern char \1;/p'\'''
lt_cv_sys_global_symbol_to_import=
lt_cv_sys_max_cmd_len=1572864
lt_cv_to_host_file_cmd=func_convert_file_noop
lt_cv_to_tool_file_cmd=func_convert_file_noop
lt_cv_truncate_bin='/bin/dd bs=4096 count=1'

## ----------------- ##
## Output variables. ##
## ----------------- ##

ACLOCAL='${SHELL} /home/km/GITLAB/ELDD_Project/missing aclocal-1.15'
AMDEPBACKSLASH='\'
AMDEP_FALSE='#'
AMDEP_TRUE=''
AMTAR='$${TAR-tar}'
AM_BACKSLASH='\'
AM_DEFAULT_V='$(AM_DEFAULT_VERBOSITY)'
AM_DEFAULT_VERBOSITY='1'
AM_V='$(V)'
AR='ar'
AUTOCONF='${SHELL} /home/km/GITLAB/ELDD_Project/missing autoconf'
AUTOHEADER='${SHELL} /home/km/GITLAB/ELDD_Project/missing autoheader'
AUTOMAKE='${SHELL} /home/km/GITLAB/ELDD_Project/missing automake-1.15'
AWK='gawk'
CC='gcc'
CCDEPMODE='depmode=gcc3'
CFLAGS='-g -O2'
CPP='gcc -E'
CPPFLAGS=''
CYGPATH_W='echo'
DEFS='-DHAVE_CONFIG_H'
DEPDIR='.deps'
DLLTOOL='false'
DSYMUTIL=''
DUMPBIN=''
ECHO_C=''
ECHO_N='-n'
ECHO_T=''
EGREP='/bin/grep -E'
EXEEXT=''
FGREP='/bin/grep -F'
GREP='/bin/grep'
INSTALL_DATA='${INSTALL} -m 644'
INSTALL_PROGRAM='${INSTALL}'
INSTALL_SCRIPT='${INSTALL}'
INSTALL_STRIP_PROGRAM='$(install_sh) -c -s'
LD='/usr/bin/ld -m elf_x86_64'
LDFLAGS=''
LIBOBJS=''
LIBS=''
LIBTOOL='$(SHELL) $(top_builddir)/libtool'
LIPO=''
LN_S='ln -s'
LTLIBOBJS=''
LT_SYS_LIBRARY_PATH=''
MAKEINFO='${SHELL} /home/km/GITLAB/ELDD_Project/missing makeinfo'
MANIFEST_TOOL=':'
MKDIR_P='/bin/mkdir -p'
NM='/usr/bin/nm -B'
NMEDIT=''
OBJDUMP='objdump'
OBJEXT='o'
OTOOL64=''
OTOOL=''
PACKAGE='YoctoHelloWorldApp'
PACKAGE_BUGREPORT='gbmhunter@gmail.com'
PACKAGE_NAME='YoctoHelloWorldApp'
PACKAGE_STRING='YoctoHelloWorldApp 1.0'
PACKAGE_TARNAME='yoctohelloworldapp'
PACKAGE_URL=''
PACKAGE_VERSION='1.0'
PATH_SEPARATOR=':'
RANLIB='ranlib'
SED='/bin/sed'
SET_MAKE=''
SHELL='/bin/bash'
STRIP='strip'
VERSION='main'
ac_ct_AR='ar'
ac_ct_CC='gcc'
ac_ct_DUMPBIN=''
am__EXEEXT_FALSE=''
am__EXEEXT_TRUE='#'
am__fastdepCC_FALSE='#'
am__fastdepCC_TRUE=''
am__include='include'
am__isrc=''
am__leading_dot='.'
am__nodep='_no'
am__quote=''
am__tar='$${TAR-tar} chof - "$$tardir"'
am__untar='$${TAR-tar} xf -'
bindir='${exec_prefix}/bin'
build='x86_64-pc-linux-gnu'
build_alias=''
build_cpu='x86_64'
build_os='linux-gnu'
build_vendor='pc'
datadir='${datarootdir}'
datarootdir='${prefix}/share'
docdir='${datarootdir}/doc/${PACKAGE_TARNAME}'
dvidir='${docdir}'
exec_prefix='${prefix}'
host='x86_64-pc-linux-gnu'
host_alias=''
host_cpu='x86_64'
host_os='linux-gnu'
host_vendor='pc'
htmldir='${docdir}'
includedir='${prefix}/include'
infodir='${datarootdir}/info'
install_sh='${SHELL} /home/km/GITLAB/ELDD_Project/install-sh'
libdir='${exec_prefix}/lib'
libexecdir='${exec_prefix}/libexec'
localedir='${datarootdir}/locale'
localstatedir='${prefix}/var'
mandir='${datarootdir}/man'
mkdir_p='$(MKDIR_P)'
oldincludedir='/usr/include'
pdfdir='${docdir}'
prefix='/usr/local'
program_transform_name='s,x,x,'
psdir='${docdir}'
runstatedir='${localstatedir}/run'
sbindir='${exec_prefix}/sbin'
sharedstatedir='${prefix}/com'
sysconfdir='${prefix}/etc'
target_alias=''

## ----------- ##
## confdefs.h. ##
## ----------- ##

/* confdefs.h */
#define PACKAGE_NAME "YoctoHelloWorldApp"
#define PACKAGE_TARNAME "yoctohelloworldapp"
#define PACKAGE_VERSION "1.0"
#define PACKAGE_STRING "YoctoHelloWorldApp 1.0"
#define PACKAGE_BUGREPORT "gbmhunter@gmail.com"
#define PACKAGE_URL ""
#define PACKAGE "YoctoHelloWorldApp"
#define VERSION "main"
#define STDC_HEADERS 1
#define HAVE_SYS_TYPES_H 1
#define HAVE_SYS_STAT_H 1
#define HAVE_STDLIB_H 1
#define HAVE_STRING_H 1
#define HAVE_MEMORY_H 1
#define HAVE_STRINGS_H 1
#define HAVE_INTTYPES_H 1
#define HAVE_STDINT_H 1
#define HAVE_UNISTD_H 1
#define HAVE_DLFCN_H 1
#define LT_OBJDIR ".libs/"

configure: exit 0
